// Jest Snapshot v1, https://goo.gl/fbAQLP

exports[`matches snapshot 1`] = `
<form
  onSubmit={[Function]}
>
  <label
    htmlFor="todo"
  >
    To do:
  </label>
  <input
    name="task"
    onChange={[Function]}
    value=""
  />
  <button
    id="add-btn"
    type="submit"
  >
    Add New To Do Item
  </button>
</form>
`;
